[bootstrap] host: Ubuntu 24.04.5 LTS x64, systemd yes
[bootstrap] Docker Engine 29.8.2, Compose 5.6.0 found; not modified

Apply the Harbor installation steps above?
  - Replace release files in /opt/harbor (current 0.19.0 -> 0.19.0)
  - Keep service account harbor
  - Ensure /etc/harbor (root:harbor 0750), /var/lib/harbor (harbor 0700) and the data folder /srv/harbor (harbor 0755)
  - Keep /etc/harbor/harbor.json
  - Keep existing state in /var/lib/harbor (apps, keys, administrator untouched)
  - Keep the existing administrator
  - Rewrite systemd unit harbor.service and (re)start it
  (approved with --yes)
[bootstrap] stopping running daemon for the release update
[bootstrap] installed release 0.19.0 to /opt/harbor
[bootstrap] per-app encryption ready on / (ext4, /dev/vda1)
[bootstrap] existing state found (installation c0e03cbb-8fe4-4156-8a58-b401c1929766); apps, keys and administrator preserved
[bootstrap] keeping administrator admin

Set up Cockpit?
  - Cockpit is already installed: keep its current listener and settings, record its address (bind without taking ownership)
  (approved with --yes)
[bootstrap] Cockpit already installed (listener port 9090); not reconfigured

Set up Portainer?
  - docker volume create hb_platform_portainer_data (labelled platform resource, retained)
  - compose project hb_platform_portainer: portainer/portainer-ce@sha256:0e3c8bc8c50aa69a21d024bf2822b6c49a107e5591573b93951191c3fcffbe02 (2.39.7), HTTPS on 127.0.0.1:9443 only, agent/edge ports not published
  - mounts /var/run/docker.sock: Portainer gets full Docker (root-equivalent) authority — this is disclosed, not hidden
  - record https://localhost:9443/ ; create the Portainer admin in its own first-run form within 5 minutes using the setup token from its container log
  (approved with --yes)
[bootstrap] created platform volume hb_platform_portainer_data
[bootstrap] pulling portainer/portainer-ce@sha256:0e3c8bc8c50aa69a21d024bf2822b6c49a107e5591573b93951191c3fcffbe02
[bootstrap] starting hb_platform_portainer

Set up Tailscale (private-cloud access path)?
  - Install tailscale from pkgs.tailscale.com (signed apt repository, noble): keyring /usr/share/keyrings/tailscale-archive-keyring.gpg, list /etc/apt/sources.list.d/tailscale.list
  - Run `tailscale up` and print its login URL for you to approve in a browser
  - Allow the harbor service account to manage serve entries: tailscale set --operator=harbor
  - Record the node name; Harbor only publishes apps you explicitly expose (tailscale serve, HTTPS with tailnet certificates)
  (approved with --yes)
[bootstrap] installing tailscale from pkgs.tailscale.com
[bootstrap] tailscale login required: open https://login.tailscale.com/a/ec6f5790159c4 in a browser, then re-run bootstrap --with-tailscale (or run: sudo tailscale up)

Set up the public proxy (Caddy, HTTPS with Let's Encrypt)?
  - Install caddy from dl.cloudsmith.io/public/caddy/stable (signed apt repository): keyring /usr/share/keyrings/caddy-stable-archive-keyring.gpg, list /etc/apt/sources.list.d/caddy-stable.list
  - Write a Harbor-owned JSON config /etc/caddy/harbor.json (admin API on 127.0.0.1:2019, no sites yet) and run caddy from it via a systemd drop-in (--resume keeps Harbor's changes across restarts)
  - Ports 80/443 stay closed until you expose an app; then DNS for each hostname must point at this host
  (approved with --yes)
[bootstrap] installing caddy from cloudsmith stable repository
[bootstrap] wrote /etc/caddy/harbor.json and the caddy unit drop-in
[bootstrap] caddy running with the Harbor-owned config; admin API on 127.0.0.1:2019
[bootstrap] daemon healthy at http://localhost:18000
Harbor 0.19.0 installed (node v24.12.0, docker 29.8.2, compose 5.6.0).
Installation c0e03cbb-8fe4-4156-8a58-b401c1929766; administrator kept.
cockpit: external installed https://localhost:9090/
    Existing Cockpit installation bound without changes. Listener on port 9090 as configured by the host. Log in with an OS account.
portainer: managed setup_required https://localhost:9443/
    Portainer CE 2.39.7 with Docker socket access (root-equivalent). First run: create the admin in Portainer's own form within 5 minutes of start; it asks for the one-time setup token printed in the container log (sudo docker logs hb_platform_portainer-portainer-1 2>&1 | grep setup_token). If the window expired, run: sudo docker restart hb_platform_portainer-portainer-1 (prints a new token). Self-signed certificate.
tailscale: managed setup_required 
    Installed; log in with `sudo tailscale up` (approve the printed URL), then Harbor can publish apps on your tailnet.
proxy: managed installed 
    Caddy serves only the routes Harbor publishes (harbor expose --via public --host <fqdn>). Certificates come from Let's Encrypt; DNS must point at this host and ports 80/443 must be reachable.

Web UI (on this machine): http://localhost:18000/
From another machine, forward the same port numbers over SSH (management, app ports, tools):
  ssh -L 18000:127.0.0.1:18000 -L 18080:127.0.0.1:18080 -L 18081:127.0.0.1:18081 -L 18082:127.0.0.1:18082 -L 9090:127.0.0.1:9090 -L 9443:127.0.0.1:9443 <user>@<this-host>
If a local port is busy on your machine, free it or choose a different local port and open http://localhost:<that-port>/ — the remote ports never change.
CLI: /opt/harbor/bin/harbor login   (then: catalog, install <package>, list, tools)
